ABCDАВАfdjbnsdjfbubJBSDBVYWBHfbh dsbvhidjnfvjnEFGHIJKLMNOPQRSTUVWXYZ
Z
ABCDАВАfdjbnsdjfbubJ BSDBVYWBHfbhdsbvhidjnfv jnEFGHIJKLMNOPQRSTUVWXY
wxyz
BCDА

WXYZABCDАВАfdjbnsdjfbubJBSDBVYWBHfbhdsbvhidjnfvjnEFGHIJKLMNOPQRSTUVWXYZ
