Added monster to (1, 1) saying Hello, it's a cow!
Moved to (0, 1)
Moved to (0, 0)
Moved to (1, 0)
Moved to (1, 1)
 ____________________ 
< Hello, it's a cow! >
 -------------------- 
        \   ^__^
         \  (oo)\_______
            (__)\       )\/\
                ||----w |
                ||     ||
