Moved to (0, 9)
Moved to (0, 8)
Moved to (9, 8)
Added monster to (7, 7) saying Ops...
Moved to (8, 8)
Moved to (7, 8)
Moved to (7, 7)
 ________ 
< Ops... >
 -------- 
        \   ^__^
         \  (oo)\_______
            (__)\       )\/\
                ||----w |
                ||     ||
Moved to (6, 7)
Moved to (6, 6)
Added monster to (7, 7) saying New Monster
Replaced the old monster
Moved to (6, 7)
Moved to (7, 7)
 _____________ 
< New Monster >
 ------------- 
        \   ^__^
         \  (oo)\_______
            (__)\       )\/\
                ||----w |
                ||     ||
