...
10
|||
a: 42, c: 10, z: 2a: 42, c: 10, z: 2a: 42, c: 10, z: 2a: 42, c: 10, z: 2
///
a: 42, b: a: 12, z: 2 a: 12
