a: 999, b: 999, c: 999, d: 999, e: 999, f: 999, g: 999, h: 999, i: 999, j: 999, k: 999, l: 999, m: 999, n: 999, o: 999, p: 999, q: 999, r: 999, s: 999, t: 999, u: 999, v: 999, w: 999, x: 999, y: 999, z: 999
a: 999, b: 999, c: 999, d: 999, e: 999, f: 999, g: 999, h: 999, i: 999, j: 999, k: 999, l: 999, m: 999, n: 999, o: 999, p: 999, q: 999, r: 999, s: 999, t: 999, u: 999, v: 999, w: 999, x: 999, y: 999, z: 999
True
