0_0.2
0_0.3
1_0.2
1_0.3
2_0.2
3_0.2
2_0.3
4_0.2
3_0.3
5_0.2
