100001 * 100001 = 10000200001 100001 * 100002 = :=) 100001 * 100003 = 10000400003 
100002 * 100001 = :=) 100002 * 100002 = 10000400004 100002 * 100003 = 10000500006 
100003 * 100001 = 10000400003 100003 * 100002 = 10000500006 100003 * 100003 = 10000600009 
