InvalidInput
InvalidInput
InvalidInput
InvalidInput
50.00
