Not a triangle
Invalid input
Not a triangle
109.50
