f=grange(6, 3, 108575), g=grange(7, 5, 104856), h=grange(11, 11, 10485577)
[](True), [100](False)
len(f)=9, len(g)=6, len(h)=6
len(list(f))=9, len(list(g))=6, len(list(h))=6
f[2]=54, h[33]=255476698618765889551019445759400441
a=grange(3, 3, 3276), a[1]=9
b=grange(3, 161051, 3267), b[2]=77812273803, list(b)=[3]
