f=grange(1111, 1111, 1048575), g=grange(222, 222, 1048576), h=grange(333, 333, 1048577)
len(f)=1, len(g)=2, len(h)=2
len(list(f))=1, len(list(g))=2, len(list(h))=2
f[0]=1111, h[24]=1151080873420685623137147071285646130496476491735729728327067693
a=grange(3, 1111, 327), a[5]=5077986587359653
b=grange(3, 110889, 367), b[5]=50299490941916791641520347, list(b)=[3]
