[9, 6, 2, 2, 4, 9, 6, 4, 9, 1, 8, 8, 9, 9, 1, 3, 9, 9, 9, 8, 3, 8, 4, 2, 5, 6, 9, 5, 5, 4, 8, 7, 7, 3, 2, 4, 2, 3, 2, 0]
39
9 6 2 2 4 9 6 4 9 1 8 8 9 9 1 3 9 9 9 8 3 8 4 2 5 6 9 5 5 4 8 7 7 3 2 4 2 3 2 0
0 1 1 2 2 2 2 2 2 3 3 3 3 4 4 4 4 4 5 5 5 6 6 6 7 7 8 8 8 8 8 9 9 9 9 9 9 9 9 9
0 1 1 2 2 2 2 2 2 3 3 3 3 4 4 4 4 4 5 5 5 6 6 6 7 7 8 8 8 8 8 9 9 9 9 9 9 9 9 9
True
