3
1 dsaddsaddsaddsad {1, 2, 3}{1, 2, 3}{1, 2, 3}{1, 2, 3}{1, 2, 3}{1, 2, 3}{1, 2, 3}{1, 2, 3}{1, 2, 3}
1
