0
4
14
154
4
14
154
4
14
154
4
14
154
4
14
154
4
14
154
4
14
154
4
14
154
4
14
154
4
14
154
4
14
154
4
