__init__: (10,), {}
add: (9,), {}
29
add: (9,), {'another': 11}
30
<lambda>: (6, 3), {}
10
pupa: (3, 11), {}
14
boba: (), {}
Boba
