__init__: (1, 2, 3, 4, 5), {'c': 2, 'd': 3}
(1, 2, 3, 4, 5) {'c': 2, 'd': 3}
__iter__: (), {}
17
