#############
#~~~~~~~~~~~#
#~~~~~~~~~~~#
#~~~~~~~~~~~#
#############
........              9/33
~~~~~~~~~~~~~~~~~~~~ 24/33
