################
#..............#
#~~~~~~~~~~~~~~#
#~~~~~~~~~~~~~~#
################
...............      18/42
~~~~~~~~~~~~~~~~~~~~ 24/42
