#################
#...............#
#...............#
#...............#
#...............#
#...............#
#~~~~~~~~~~~~~~~#
#################
.................... 75/90
~~~~                 15/90
